<html>
<body>
<pre>
<h1>µVision Build Log</h1>
<h2>Tool Versions:</h2>
IDE-Version: ¦ÌVision V5.21.1.0
Copyright (C) 2016 ARM Ltd and ARM Germany GmbH. All rights reserved.
License Information: chen wenjie, zucc, LIC=HF8SB-2PDRP-33MM1-CJ6ES-QU6XS-JQ4Y4
 
Tool Versions:
Toolchain:       MDK-ARM Professional  Version: 5.21a
Toolchain Path:  D:\Keil_v5\ARM\ARMCC\Bin
C Compiler:      Armcc.exe V5.06 update 3 (build 300)
Assembler:       Armasm.exe V5.06 update 3 (build 300)
Linker/Locator:  ArmLink.exe V5.06 update 3 (build 300)
Library Manager: ArmAr.exe V5.06 update 3 (build 300)
Hex Converter:   FromElf.exe V5.06 update 3 (build 300)
CPU DLL:         SARMCM3.DLL V5.21a
Dialog DLL:      DCM.DLL V1.13.8.0
Target DLL:      UL2CM3.DLL V1.158.5.0
Dialog DLL:      TCM.DLL V1.14.14.0
 
<h2>Project:</h2>
C:\Users\chenwenjie\Documents\IOT\Project\LED\FirstLED.uvprojx
Project File Date:  09/21/2015

<h2>Output:</h2>
*** Using Compiler 'V5.06 update 3 (build 300)', folder: 'D:\Keil_v5\ARM\ARMCC\Bin'
Rebuild target 'FirstLED'
compiling stm32f4xx_gpio.c...
..\..\Libraries\STM32F4xx_LIB\CMSIS\core_cm4_simd.h(127): warning:  #47-D: incompatible redefinition of macro "__SMMLA" (declared at line 727 of "D:\Keil_v5\ARM\PACK\ARM\CMSIS\4.5.0\CMSIS\Include\cmsis_armcc.h")
  #define __SMMLA(ARG1,ARG2,ARG3)          ( (int32_t)((((int64_t)(ARG1) * (ARG2)) + \
..\..\Libraries\STM32F4xx_LIB\src\stm32f4xx_gpio.c: 1 warning, 0 errors
compiling stm32f4xx_syscfg.c...
..\..\Libraries\STM32F4xx_LIB\CMSIS\core_cm4_simd.h(127): warning:  #47-D: incompatible redefinition of macro "__SMMLA" (declared at line 727 of "D:\Keil_v5\ARM\PACK\ARM\CMSIS\4.5.0\CMSIS\Include\cmsis_armcc.h")
  #define __SMMLA(ARG1,ARG2,ARG3)          ( (int32_t)((((int64_t)(ARG1) * (ARG2)) + \
..\..\Libraries\STM32F4xx_LIB\src\stm32f4xx_syscfg.c: 1 warning, 0 errors
compiling stm32f4xx_rcc.c...
..\..\Libraries\STM32F4xx_LIB\CMSIS\core_cm4_simd.h(127): warning:  #47-D: incompatible redefinition of macro "__SMMLA" (declared at line 727 of "D:\Keil_v5\ARM\PACK\ARM\CMSIS\4.5.0\CMSIS\Include\cmsis_armcc.h")
  #define __SMMLA(ARG1,ARG2,ARG3)          ( (int32_t)((((int64_t)(ARG1) * (ARG2)) + \
..\..\Libraries\STM32F4xx_LIB\src\stm32f4xx_rcc.c: 1 warning, 0 errors
compiling misc.c...
..\..\Libraries\STM32F4xx_LIB\CMSIS\core_cm4_simd.h(127): warning:  #47-D: incompatible redefinition of macro "__SMMLA" (declared at line 727 of "D:\Keil_v5\ARM\PACK\ARM\CMSIS\4.5.0\CMSIS\Include\cmsis_armcc.h")
  #define __SMMLA(ARG1,ARG2,ARG3)          ( (int32_t)((((int64_t)(ARG1) * (ARG2)) + \
..\..\Libraries\STM32F4xx_LIB\src\misc.c: 1 warning, 0 errors
compiling stm32f4xx_usart.c...
..\..\Libraries\STM32F4xx_LIB\CMSIS\core_cm4_simd.h(127): warning:  #47-D: incompatible redefinition of macro "__SMMLA" (declared at line 727 of "D:\Keil_v5\ARM\PACK\ARM\CMSIS\4.5.0\CMSIS\Include\cmsis_armcc.h")
  #define __SMMLA(ARG1,ARG2,ARG3)          ( (int32_t)((((int64_t)(ARG1) * (ARG2)) + \
..\..\Libraries\STM32F4xx_LIB\src\stm32f4xx_usart.c: 1 warning, 0 errors
compiling system_stm32f4xx.c...
..\..\Libraries\STM32F4xx_LIB\CMSIS\core_cm4_simd.h(127): warning:  #47-D: incompatible redefinition of macro "__SMMLA" (declared at line 727 of "D:\Keil_v5\ARM\PACK\ARM\CMSIS\4.5.0\CMSIS\Include\cmsis_armcc.h")
  #define __SMMLA(ARG1,ARG2,ARG3)          ( (int32_t)((((int64_t)(ARG1) * (ARG2)) + \
..\..\Libraries\STM32F4xx_LIB\CMSIS\system_stm32f4xx.c: 1 warning, 0 errors
assembling startup_stm32f401xx.s...
compiling Config.c...
..\..\Libraries\STM32F4xx_LIB\CMSIS\core_cm4_simd.h(127): warning:  #47-D: incompatible redefinition of macro "__SMMLA" (declared at line 727 of "D:\Keil_v5\ARM\PACK\ARM\CMSIS\4.5.0\CMSIS\Include\cmsis_armcc.h")
  #define __SMMLA(ARG1,ARG2,ARG3)          ( (int32_t)((((int64_t)(ARG1) * (ARG2)) + \
..\..\Common\Config.c: 1 warning, 0 errors
compiling USART.c...
..\..\Libraries\STM32F4xx_LIB\CMSIS\core_cm4_simd.h(127): warning:  #47-D: incompatible redefinition of macro "__SMMLA" (declared at line 727 of "D:\Keil_v5\ARM\PACK\ARM\CMSIS\4.5.0\CMSIS\Include\cmsis_armcc.h")
  #define __SMMLA(ARG1,ARG2,ARG3)          ( (int32_t)((((int64_t)(ARG1) * (ARG2)) + \
..\..\Libraries\USART\USART.c: 1 warning, 0 errors
compiling delay.c...
..\..\Libraries\STM32F4xx_LIB\CMSIS\core_cm4_simd.h(127): warning:  #47-D: incompatible redefinition of macro "__SMMLA" (declared at line 727 of "D:\Keil_v5\ARM\PACK\ARM\CMSIS\4.5.0\CMSIS\Include\cmsis_armcc.h")
  #define __SMMLA(ARG1,ARG2,ARG3)          ( (int32_t)((((int64_t)(ARG1) * (ARG2)) + \
..\..\Libraries\delay\delay.c: 1 warning, 0 errors
compiling Hal_led.c...
..\..\Libraries\STM32F4xx_LIB\CMSIS\core_cm4_simd.h(127): warning:  #47-D: incompatible redefinition of macro "__SMMLA" (declared at line 727 of "D:\Keil_v5\ARM\PACK\ARM\CMSIS\4.5.0\CMSIS\Include\cmsis_armcc.h")
  #define __SMMLA(ARG1,ARG2,ARG3)          ( (int32_t)((((int64_t)(ARG1) * (ARG2)) + \
SRC\Hal_led.c: 1 warning, 0 errors
compiling main.c...
..\..\Libraries\STM32F4xx_LIB\CMSIS\core_cm4_simd.h(127): warning:  #47-D: incompatible redefinition of macro "__SMMLA" (declared at line 727 of "D:\Keil_v5\ARM\PACK\ARM\CMSIS\4.5.0\CMSIS\Include\cmsis_armcc.h")
  #define __SMMLA(ARG1,ARG2,ARG3)          ( (int32_t)((((int64_t)(ARG1) * (ARG2)) + \
SRC\main.c: 1 warning, 0 errors
linking...
Program Size: Code=5620 RO-data=424 RW-data=44 ZI-data=1636  
".\Objects\FirstLED.axf" - 0 Error(s), 11 Warning(s).

<h2>Software Packages used:</h2>

Package Vendor: ARM
                http://www.keil.com/pack/ARM.CMSIS.4.5.0.pack
                ARM::CMSIS:CORE:4.3.0
                CMSIS (Cortex Microcontroller Software Interface Standard)
   * Component: CORE Version: 4.3.0

<h2>Collection of Component include folders:</h2>
  C:\Users\chenwenjie\Documents\IOT\Project\LED\RTE
  D:\Keil_v5\ARM\PACK\ARM\CMSIS\4.5.0\CMSIS\Include
  D:\Keil_v5\ARM\PACK\Keil\STM32F4xx_DFP\2.2.0\Drivers\CMSIS\Device\ST\STM32F4xx\Include

<h2>Collection of Component Files used:</h2>

   * Component: ARM::CMSIS:CORE:4.3.0
Build Time Elapsed:  00:00:04
</pre>
</body>
</html>
